2013 (HY000): Lost connection to MySQL server during query
2013 (HY000): Lost connection to MySQL server during query
2013 (HY000): Lost connection to MySQL server during query
2013 (HY000): Lost connection to MySQL server during query
2013 (HY000): Lost connection to MySQL server during query
2013 (HY000): Lost connection to MySQL server during query
2013 (HY000): Lost connection to MySQL server during query
2013 (HY000): Lost connection to MySQL server during query
2013 (HY000): Lost connection to MySQL server during query
2013 (HY000): Lost connection to MySQL server during query
2013 (HY000): Lost connection to MySQL server during query
2013 (HY000): Lost connection to MySQL server during query
2013 (HY000): Lost connection to MySQL server during query
2013 (HY000): Lost connection to MySQL server during query
2013 (HY000): Lost connection to MySQL server during query
2013 (HY000): Lost connection to MySQL server during query
2013 (HY000): Lost connection to MySQL server during query
2013 (HY000): Lost connection to MySQL server during query
2013 (HY000): Lost connection to MySQL server during query
2013 (HY000): Lost connection to MySQL server during query
2013 (HY000): Lost connection to MySQL server during query
2013 (HY000): Lost connection to MySQL server during query
2013 (HY000): Lost connection to MySQL server during query
2013 (HY000): Lost connection to MySQL server during query
2013 (HY000): Lost connection to MySQL server during query
2013 (HY000): Lost connection to MySQL server during query
2013 (HY000): Lost connection to MySQL server during query
2013 (HY000): Lost connection to MySQL server during query
2013 (HY000): Lost connection to MySQL server during query
2013 (HY000): Lost connection to MySQL server during query
2013 (HY000): Lost connection to MySQL server during query
2013 (HY000): Lost connection to MySQL server during query
2013 (HY000): Lost connection to MySQL server during query
2013 (HY000): Lost connection to MySQL server during query
2013 (HY000): Lost connection to MySQL server during query
2013 (HY000): Lost connection to MySQL server during query
2013 (HY000): Lost connection to MySQL server during query
2013 (HY000): Lost connection to MySQL server during query
2013 (HY000): Lost connection to MySQL server during query
2013 (HY000): Lost connection to MySQL server during query
2013 (HY000): Lost connection to MySQL server during query
2013 (HY000): Lost connection to MySQL server during query
2013 (HY000): Lost connection to MySQL server during query
2013 (HY000): Lost connection to MySQL server during query
2013 (HY000): Lost connection to MySQL server during query
non convertible value Tue Feb 11 23:58:10 +0000 2020 with the unit 'ms'
non convertible value Tue Feb 11 23:58:10 +0000 2020 with the unit 'ms'
non convertible value Tue Feb 11 19:21:07 +0000 2020 with the unit 'ms'
non convertible value Sun Feb 16 22:14:22 +0000 2020 with the unit 'ms'
non convertible value Sun Feb 16 22:14:22 +0000 2020 with the unit 'ms'
Only valid with DatetimeIndex, TimedeltaIndex or PeriodIndex, but got an instance of 'Index'
Only valid with DatetimeIndex, TimedeltaIndex or PeriodIndex, but got an instance of 'Index'
non convertible value Sun Feb 16 22:14:22 +0000 2020 with the unit 'ms'
non convertible value Sun Feb 16 22:14:22 +0000 2020 with the unit 'ms'
name 'y2' is not defined
name 'y2' is not defined
name 'y2' is not defined
name 'y2' is not defined
name 'y2' is not defined
name 'y2' is not defined
non convertible value Tue Feb 11 23:58:10 +0000 2020 with the unit 'ms'
non convertible value Tue Feb 11 23:58:10 +0000 2020 with the unit 'ms'
non convertible value Tue Feb 11 23:58:10 +0000 2020 with the unit 'ms'
non convertible value Tue Feb 11 23:58:10 +0000 2020 with the unit 'ms'
Only valid with DatetimeIndex, TimedeltaIndex or PeriodIndex, but got an instance of 'Index'
Only valid with DatetimeIndex, TimedeltaIndex or PeriodIndex, but got an instance of 'Index'
Only valid with DatetimeIndex, TimedeltaIndex or PeriodIndex, but got an instance of 'Index'
Only valid with DatetimeIndex, TimedeltaIndex or PeriodIndex, but got an instance of 'Index'
Only valid with DatetimeIndex, TimedeltaIndex or PeriodIndex, but got an instance of 'Index'
Invalid frequency: 10sec
max() arg is an empty sequence
max() arg is an empty sequence
max() arg is an empty sequence
Execution failed on sql 'SELECT * FROM sent_trump ORDER BY CONVERT(DateTime, date_time ,101) DESC LIMIT 1000': 1064 (42000): You have an error in your SQL syntax; check the manual that corresponds to your MySQL server version for the right syntax to use near 'date_time ,101) DESC LIMIT 1000' at line 1
Execution failed on sql 'SELECT * FROM sent_trump ORDER BY CONVERT(DateTime, date_time ,101) DESC LIMIT 1000': 1064 (42000): You have an error in your SQL syntax; check the manual that corresponds to your MySQL server version for the right syntax to use near 'date_time ,101) DESC LIMIT 1000' at line 1
Execution failed on sql 'SELECT * FROM sent_trump ORDER BY unix DESC': 1054 (42S22): Unknown column 'unix' in 'order clause'
Execution failed on sql 'SELECT * FROM sent_trump ORDER BY unix DESC': 1054 (42S22): Unknown column 'unix' in 'order clause'
Execution failed on sql 'SELECT * FROM sent_trump ORDER BY unix DESC': 1054 (42S22): Unknown column 'unix' in 'order clause'
Execution failed on sql 'SELECT * FROM sent_trump ORDER BY unix DESC': 1054 (42S22): Unknown column 'unix' in 'order clause'
Execution failed on sql 'SELECT * FROM sent_trump ORDER BY unix DESC': 1054 (42S22): Unknown column 'unix' in 'order clause'
Execution failed on sql 'SELECT * FROM sent_trump ORDER BY unix DESC': 1054 (42S22): Unknown column 'unix' in 'order clause'
Execution failed on sql 'SELECT TOP 1000 * FROM sent_trump ORDER BY date_time DESC': 1064 (42000): You have an error in your SQL syntax; check the manual that corresponds to your MySQL server version for the right syntax to use near '1000 * FROM sent_trump ORDER BY date_time DESC' at line 1
Execution failed on sql 'SELECT TOP 1000 * FROM sent_trump ORDER BY date_time DESC': 1064 (42000): You have an error in your SQL syntax; check the manual that corresponds to your MySQL server version for the right syntax to use near '1000 * FROM sent_trump ORDER BY date_time DESC' at line 1
Execution failed on sql 'SELECT TOP 1000 * FROM sent_trump ORDER BY date_time DESC': 1064 (42000): You have an error in your SQL syntax; check the manual that corresponds to your MySQL server version for the right syntax to use near '1000 * FROM sent_trump ORDER BY date_time DESC' at line 1
max() arg is an empty sequence
max() arg is an empty sequence
Execution failed on sql 'SELECT * FROM sent_trump WHERE ORDER BY date_time DESC': 1064 (42000): You have an error in your SQL syntax; check the manual that corresponds to your MySQL server version for the right syntax to use near 'ORDER BY date_time DESC' at line 1
Execution failed on sql 'SELECT * FROM sent_trump WHERE ORDER BY date_time DESC': 1064 (42000): You have an error in your SQL syntax; check the manual that corresponds to your MySQL server version for the right syntax to use near 'ORDER BY date_time DESC' at line 1
Execution failed on sql 'SELECT * FROM sent_trump WHERE ORDER BY date_time DESC': 1064 (42000): You have an error in your SQL syntax; check the manual that corresponds to your MySQL server version for the right syntax to use near 'ORDER BY date_time DESC' at line 1
max() arg is an empty sequence
max() arg is an empty sequence
Execution failed on sql 'SELECT * FROM sent_trump ORDER BY convert(datetime, date_time) DESC LIMIT 1000': 1064 (42000): You have an error in your SQL syntax; check the manual that corresponds to your MySQL server version for the right syntax to use near 'date_time) DESC LIMIT 1000' at line 1
